# Logfile created on 2026-05-01 08:48:04 +0100 by logger.rb/v1.5.3
I, [2026-05-01T08:48:06.746110 #17568]  INFO -- : Running example 'Verifying a pact between orders-service and users-service Given user 1 exists a request for user with id 1 with GET /users/1 returns a response which has status code 200'
I, [2026-05-01T08:48:06.746755 #17568]  INFO -- : Sending GET request to path: "/users/1" with headers: {"X_PACT_PROVIDER_STATES"=>[{"name"=>"user 1 exists"}]}, see debug logs for body
I, [2026-05-01T08:48:06.940457 #17568]  INFO -- : Received response with status: 200, headers: {"Date"=>"Fri, 01 May 2026 07:48:06 GMT", "Server"=>"uvicorn", "Content-Length"=>"58", "Content-Type"=>"application/json"}, see debug logs for body
I, [2026-05-01T08:48:06.956591 #17568]  INFO -- : Running example 'Verifying a pact between orders-service and users-service Given user 2 exists a request to check if user 2 exists with GET /users/2 returns a response which has status code 200'
I, [2026-05-01T08:48:06.957144 #17568]  INFO -- : Sending GET request to path: "/users/2" with headers: {"X_PACT_PROVIDER_STATES"=>[{"name"=>"user 2 exists"}]}, see debug logs for body
I, [2026-05-01T08:48:06.986982 #17568]  INFO -- : Received response with status: 200, headers: {"Date"=>"Fri, 01 May 2026 07:48:06 GMT", "Server"=>"uvicorn", "Content-Length"=>"53", "Content-Type"=>"application/json"}, see debug logs for body
I, [2026-05-01T08:48:06.989499 #17568]  INFO -- : Running example 'Verifying a pact between orders-service and users-service Given user 42 does not exist a request to check if user 42 exists with GET /users/42 returns a response which has status code 404'
I, [2026-05-01T08:48:06.989964 #17568]  INFO -- : Sending GET request to path: "/users/42" with headers: {"X_PACT_PROVIDER_STATES"=>[{"name"=>"user 42 does not exist"}]}, see debug logs for body
I, [2026-05-01T08:48:07.017217 #17568]  INFO -- : Received response with status: 404, headers: {"Date"=>"Fri, 01 May 2026 07:48:06 GMT", "Server"=>"uvicorn", "Content-Length"=>"27", "Content-Type"=>"application/json"}, see debug logs for body
I, [2026-05-01T08:48:07.020637 #17568]  INFO -- : Running example 'Verifying a pact between orders-service and users-service Given user 999 does not exist a request for a non-existent user (id 999) with GET /users/999 returns a response which has status code 404'
I, [2026-05-01T08:48:07.021124 #17568]  INFO -- : Sending GET request to path: "/users/999" with headers: {"X_PACT_PROVIDER_STATES"=>[{"name"=>"user 999 does not exist"}]}, see debug logs for body
I, [2026-05-01T08:48:07.049199 #17568]  INFO -- : Received response with status: 404, headers: {"Date"=>"Fri, 01 May 2026 07:48:06 GMT", "Server"=>"uvicorn", "Content-Length"=>"27", "Content-Type"=>"application/json"}, see debug logs for body
I, [2026-05-01T09:08:47.231443 #31760]  INFO -- : Running example 'Verifying a pact between orders-service and users-service Given user 1 exists a request for user with id 1 with GET /users/1 returns a response which has status code 200'
I, [2026-05-01T09:08:47.233334 #31760]  INFO -- : Sending GET request to path: "/users/1" with headers: {"X_PACT_PROVIDER_STATES"=>[{"name"=>"user 1 exists"}]}, see debug logs for body
I, [2026-05-01T09:08:47.339359 #31760]  INFO -- : Received response with status: 200, headers: {"Date"=>"Fri, 01 May 2026 08:08:46 GMT", "Server"=>"uvicorn", "Content-Length"=>"58", "Content-Type"=>"application/json"}, see debug logs for body
I, [2026-05-01T09:08:47.357038 #31760]  INFO -- : Running example 'Verifying a pact between orders-service and users-service Given user 2 exists a request to check if user 2 exists with GET /users/2 returns a response which has status code 200'
I, [2026-05-01T09:08:47.357668 #31760]  INFO -- : Sending GET request to path: "/users/2" with headers: {"X_PACT_PROVIDER_STATES"=>[{"name"=>"user 2 exists"}]}, see debug logs for body
I, [2026-05-01T09:08:47.378982 #31760]  INFO -- : Received response with status: 200, headers: {"Date"=>"Fri, 01 May 2026 08:08:46 GMT", "Server"=>"uvicorn", "Content-Length"=>"53", "Content-Type"=>"application/json"}, see debug logs for body
I, [2026-05-01T09:08:47.382586 #31760]  INFO -- : Running example 'Verifying a pact between orders-service and users-service Given user 42 does not exist a request to check if user 42 exists with GET /users/42 returns a response which has status code 404'
I, [2026-05-01T09:08:47.383095 #31760]  INFO -- : Sending GET request to path: "/users/42" with headers: {"X_PACT_PROVIDER_STATES"=>[{"name"=>"user 42 does not exist"}]}, see debug logs for body
I, [2026-05-01T09:08:47.409643 #31760]  INFO -- : Received response with status: 404, headers: {"Date"=>"Fri, 01 May 2026 08:08:46 GMT", "Server"=>"uvicorn", "Content-Length"=>"27", "Content-Type"=>"application/json"}, see debug logs for body
I, [2026-05-01T09:08:47.412384 #31760]  INFO -- : Running example 'Verifying a pact between orders-service and users-service Given user 999 does not exist a request for a non-existent user (id 999) with GET /users/999 returns a response which has status code 404'
I, [2026-05-01T09:08:47.412840 #31760]  INFO -- : Sending GET request to path: "/users/999" with headers: {"X_PACT_PROVIDER_STATES"=>[{"name"=>"user 999 does not exist"}]}, see debug logs for body
I, [2026-05-01T09:08:47.441086 #31760]  INFO -- : Received response with status: 404, headers: {"Date"=>"Fri, 01 May 2026 08:08:46 GMT", "Server"=>"uvicorn", "Content-Length"=>"27", "Content-Type"=>"application/json"}, see debug logs for body
I, [2026-05-01T10:11:19.047916 #38180]  INFO -- : Running example 'Verifying a pact between orders-service and users-service Given user 1 exists a request for user with id 1 with GET /users/1 returns a response which has status code 200'
I, [2026-05-01T10:11:19.054601 #38180]  INFO -- : Sending GET request to path: "/users/1" with headers: {"X_PACT_PROVIDER_STATES"=>[{"name"=>"user 1 exists"}]}, see debug logs for body
I, [2026-05-01T10:11:19.310135 #38180]  INFO -- : Received response with status: 200, headers: {"Date"=>"Fri, 01 May 2026 09:11:18 GMT", "Server"=>"uvicorn", "Content-Length"=>"58", "Content-Type"=>"application/json"}, see debug logs for body
I, [2026-05-01T10:11:19.341432 #38180]  INFO -- : Running example 'Verifying a pact between orders-service and users-service Given user 2 exists a request to check if user 2 exists with GET /users/2 returns a response which has status code 200'
I, [2026-05-01T10:11:19.342122 #38180]  INFO -- : Sending GET request to path: "/users/2" with headers: {"X_PACT_PROVIDER_STATES"=>[{"name"=>"user 2 exists"}]}, see debug logs for body
I, [2026-05-01T10:11:19.371007 #38180]  INFO -- : Received response with status: 200, headers: {"Date"=>"Fri, 01 May 2026 09:11:18 GMT", "Server"=>"uvicorn", "Content-Length"=>"53", "Content-Type"=>"application/json"}, see debug logs for body
I, [2026-05-01T10:11:19.376427 #38180]  INFO -- : Running example 'Verifying a pact between orders-service and users-service Given user 42 does not exist a request to check if user 42 exists with GET /users/42 returns a response which has status code 404'
I, [2026-05-01T10:11:19.377173 #38180]  INFO -- : Sending GET request to path: "/users/42" with headers: {"X_PACT_PROVIDER_STATES"=>[{"name"=>"user 42 does not exist"}]}, see debug logs for body
I, [2026-05-01T10:11:19.403308 #38180]  INFO -- : Received response with status: 404, headers: {"Date"=>"Fri, 01 May 2026 09:11:18 GMT", "Server"=>"uvicorn", "Content-Length"=>"27", "Content-Type"=>"application/json"}, see debug logs for body
I, [2026-05-01T10:11:19.408671 #38180]  INFO -- : Running example 'Verifying a pact between orders-service and users-service Given user 999 does not exist a request for a non-existent user (id 999) with GET /users/999 returns a response which has status code 404'
I, [2026-05-01T10:11:19.409335 #38180]  INFO -- : Sending GET request to path: "/users/999" with headers: {"X_PACT_PROVIDER_STATES"=>[{"name"=>"user 999 does not exist"}]}, see debug logs for body
I, [2026-05-01T10:11:19.432835 #38180]  INFO -- : Received response with status: 404, headers: {"Date"=>"Fri, 01 May 2026 09:11:18 GMT", "Server"=>"uvicorn", "Content-Length"=>"27", "Content-Type"=>"application/json"}, see debug logs for body
I, [2026-05-01T15:51:50.683089 #38960]  INFO -- : Running example 'Verifying a pact between orders-service and users-service Given user 1 exists a request for user with id 1 with GET /users/1 returns a response which has status code 200'
I, [2026-05-01T15:51:50.684937 #38960]  INFO -- : Sending GET request to path: "/users/1" with headers: {"X_PACT_PROVIDER_STATES"=>[{"name"=>"user 1 exists"}]}, see debug logs for body
I, [2026-05-01T15:51:50.837187 #38960]  INFO -- : Received response with status: 200, headers: {"Date"=>"Fri, 01 May 2026 14:51:50 GMT", "Server"=>"uvicorn", "Content-Length"=>"58", "Content-Type"=>"application/json"}, see debug logs for body
I, [2026-05-01T15:51:50.860856 #38960]  INFO -- : Running example 'Verifying a pact between orders-service and users-service Given user 2 exists a request to check if user 2 exists with GET /users/2 returns a response which has status code 200'
I, [2026-05-01T15:51:50.861415 #38960]  INFO -- : Sending GET request to path: "/users/2" with headers: {"X_PACT_PROVIDER_STATES"=>[{"name"=>"user 2 exists"}]}, see debug logs for body
I, [2026-05-01T15:51:50.883236 #38960]  INFO -- : Received response with status: 200, headers: {"Date"=>"Fri, 01 May 2026 14:51:50 GMT", "Server"=>"uvicorn", "Content-Length"=>"53", "Content-Type"=>"application/json"}, see debug logs for body
I, [2026-05-01T15:51:50.888395 #38960]  INFO -- : Running example 'Verifying a pact between orders-service and users-service Given user 42 does not exist a request to check if user 42 exists with GET /users/42 returns a response which has status code 404'
I, [2026-05-01T15:51:50.889035 #38960]  INFO -- : Sending GET request to path: "/users/42" with headers: {"X_PACT_PROVIDER_STATES"=>[{"name"=>"user 42 does not exist"}]}, see debug logs for body
I, [2026-05-01T15:51:50.913525 #38960]  INFO -- : Received response with status: 404, headers: {"Date"=>"Fri, 01 May 2026 14:51:50 GMT", "Server"=>"uvicorn", "Content-Length"=>"27", "Content-Type"=>"application/json"}, see debug logs for body
I, [2026-05-01T15:51:50.916772 #38960]  INFO -- : Running example 'Verifying a pact between orders-service and users-service Given user 999 does not exist a request for a non-existent user (id 999) with GET /users/999 returns a response which has status code 404'
I, [2026-05-01T15:51:50.917359 #38960]  INFO -- : Sending GET request to path: "/users/999" with headers: {"X_PACT_PROVIDER_STATES"=>[{"name"=>"user 999 does not exist"}]}, see debug logs for body
I, [2026-05-01T15:51:50.944484 #38960]  INFO -- : Received response with status: 404, headers: {"Date"=>"Fri, 01 May 2026 14:51:50 GMT", "Server"=>"uvicorn", "Content-Length"=>"27", "Content-Type"=>"application/json"}, see debug logs for body
I, [2026-05-01T16:01:25.003271 #33452]  INFO -- : Running example 'Verifying a pact between orders-service and users-service Given user 1 exists a request for user with id 1 with GET /users/1 returns a response which has status code 200'
I, [2026-05-01T16:01:25.006289 #33452]  INFO -- : Sending GET request to path: "/users/1" with headers: {"X_PACT_PROVIDER_STATES"=>[{"name"=>"user 1 exists"}]}, see debug logs for body
I, [2026-05-01T16:01:25.194377 #33452]  INFO -- : Received response with status: 200, headers: {"Date"=>"Fri, 01 May 2026 15:01:24 GMT", "Server"=>"uvicorn", "Content-Length"=>"58", "Content-Type"=>"application/json"}, see debug logs for body
I, [2026-05-01T16:01:25.241946 #33452]  INFO -- : Running example 'Verifying a pact between orders-service and users-service Given user 2 exists a request to check if user 2 exists with GET /users/2 returns a response which has status code 200'
I, [2026-05-01T16:01:25.243122 #33452]  INFO -- : Sending GET request to path: "/users/2" with headers: {"X_PACT_PROVIDER_STATES"=>[{"name"=>"user 2 exists"}]}, see debug logs for body
I, [2026-05-01T16:01:25.272519 #33452]  INFO -- : Received response with status: 200, headers: {"Date"=>"Fri, 01 May 2026 15:01:24 GMT", "Server"=>"uvicorn", "Content-Length"=>"53", "Content-Type"=>"application/json"}, see debug logs for body
I, [2026-05-01T16:01:25.284960 #33452]  INFO -- : Running example 'Verifying a pact between orders-service and users-service Given user 42 does not exist a request to check if user 42 exists with GET /users/42 returns a response which has status code 404'
I, [2026-05-01T16:01:25.285912 #33452]  INFO -- : Sending GET request to path: "/users/42" with headers: {"X_PACT_PROVIDER_STATES"=>[{"name"=>"user 42 does not exist"}]}, see debug logs for body
I, [2026-05-01T16:01:25.321766 #33452]  INFO -- : Received response with status: 404, headers: {"Date"=>"Fri, 01 May 2026 15:01:24 GMT", "Server"=>"uvicorn", "Content-Length"=>"27", "Content-Type"=>"application/json"}, see debug logs for body
I, [2026-05-01T16:01:25.335534 #33452]  INFO -- : Running example 'Verifying a pact between orders-service and users-service Given user 999 does not exist a request for a non-existent user (id 999) with GET /users/999 returns a response which has status code 404'
I, [2026-05-01T16:01:25.338646 #33452]  INFO -- : Sending GET request to path: "/users/999" with headers: {"X_PACT_PROVIDER_STATES"=>[{"name"=>"user 999 does not exist"}]}, see debug logs for body
I, [2026-05-01T16:01:25.366323 #33452]  INFO -- : Received response with status: 404, headers: {"Date"=>"Fri, 01 May 2026 15:01:24 GMT", "Server"=>"uvicorn", "Content-Length"=>"27", "Content-Type"=>"application/json"}, see debug logs for body
