# Logfile created on 2026-05-01 11:34:09 +0100 by logger.rb/v1.5.3
I, [2026-05-01T11:34:15.387081 #37400]  INFO -- : Running example 'Verifying a pact between consumer-node and provider-python Given user with id 1 exists a request for user with id 1 with GET /users/1 returns a response which has status code 200'
I, [2026-05-01T11:34:15.388327 #37400]  INFO -- : Sending GET request to path: "/users/1" with headers: {"X_PACT_PROVIDER_STATES"=>[{"name"=>"user with id 1 exists"}]}, see debug logs for body
I, [2026-05-01T11:34:15.602290 #37400]  INFO -- : Received response with status: 200, headers: {"Date"=>"Fri, 01 May 2026 10:34:14 GMT", "Server"=>"uvicorn", "Content-Length"=>"51", "Content-Type"=>"application/json"}, see debug logs for body
I, [2026-05-01T11:34:15.652102 #37400]  INFO -- : Running example 'Verifying a pact between consumer-node and provider-python Given user with id 999 does not exist a request for a non-existent user with GET /users/999 returns a response which has status code 404'
I, [2026-05-01T11:34:15.654020 #37400]  INFO -- : Sending GET request to path: "/users/999" with headers: {"X_PACT_PROVIDER_STATES"=>[{"name"=>"user with id 999 does not exist"}]}, see debug logs for body
I, [2026-05-01T11:34:15.677122 #37400]  INFO -- : Received response with status: 404, headers: {"Date"=>"Fri, 01 May 2026 10:34:14 GMT", "Server"=>"uvicorn", "Content-Length"=>"27", "Content-Type"=>"application/json"}, see debug logs for body
I, [2026-05-01T11:34:15.682025 #37400]  INFO -- : Running example 'Verifying a pact between consumer-node and provider-python Given users exist a request for all users with GET /users returns a response which has status code 200'
I, [2026-05-01T11:34:15.683350 #37400]  INFO -- : Sending GET request to path: "/users" with headers: {"X_PACT_PROVIDER_STATES"=>[{"name"=>"users exist"}]}, see debug logs for body
I, [2026-05-01T11:34:15.710202 #37400]  INFO -- : Received response with status: 200, headers: {"Date"=>"Fri, 01 May 2026 10:34:14 GMT", "Server"=>"uvicorn", "Content-Length"=>"101", "Content-Type"=>"application/json"}, see debug logs for body
I, [2026-05-01T11:35:38.380163 #6796]  INFO -- : Running example 'Verifying a pact between consumer-node and provider-python Given user with id 1 exists a request for user with id 1 with GET /users/1 returns a response which has status code 200'
I, [2026-05-01T11:35:38.381215 #6796]  INFO -- : Sending GET request to path: "/users/1" with headers: {"X_PACT_PROVIDER_STATES"=>[{"name"=>"user with id 1 exists"}]}, see debug logs for body
I, [2026-05-01T11:35:38.515641 #6796]  INFO -- : Received response with status: 200, headers: {"Date"=>"Fri, 01 May 2026 10:35:37 GMT", "Server"=>"uvicorn", "Content-Length"=>"51", "Content-Type"=>"application/json"}, see debug logs for body
I, [2026-05-01T11:35:38.534655 #6796]  INFO -- : Running example 'Verifying a pact between consumer-node and provider-python Given user with id 999 does not exist a request for a non-existent user with GET /users/999 returns a response which has status code 404'
I, [2026-05-01T11:35:38.535175 #6796]  INFO -- : Sending GET request to path: "/users/999" with headers: {"X_PACT_PROVIDER_STATES"=>[{"name"=>"user with id 999 does not exist"}]}, see debug logs for body
I, [2026-05-01T11:35:38.561971 #6796]  INFO -- : Received response with status: 404, headers: {"Date"=>"Fri, 01 May 2026 10:35:37 GMT", "Server"=>"uvicorn", "Content-Length"=>"27", "Content-Type"=>"application/json"}, see debug logs for body
I, [2026-05-01T11:35:38.566215 #6796]  INFO -- : Running example 'Verifying a pact between consumer-node and provider-python Given users exist a request for all users with GET /users returns a response which has status code 200'
I, [2026-05-01T11:35:38.566878 #6796]  INFO -- : Sending GET request to path: "/users" with headers: {"X_PACT_PROVIDER_STATES"=>[{"name"=>"users exist"}]}, see debug logs for body
I, [2026-05-01T11:35:38.606687 #6796]  INFO -- : Received response with status: 500, headers: {"Date"=>"Fri, 01 May 2026 10:35:38 GMT", "Server"=>"uvicorn", "Content-Length"=>"21", "Content-Type"=>"text/plain; charset=utf-8"}, see debug logs for body
I, [2026-05-01T16:09:29.261314 #25396]  INFO -- : Running example 'Verifying a pact between consumer-node and provider-python Given user with id 1 exists a request for user with id 1 with GET /users/1 returns a response which has status code 200'
I, [2026-05-01T16:09:29.263379 #25396]  INFO -- : Sending GET request to path: "/users/1" with headers: {"X_PACT_PROVIDER_STATES"=>[{"name"=>"user with id 1 exists"}]}, see debug logs for body
I, [2026-05-01T16:09:29.385090 #25396]  INFO -- : Received response with status: 200, headers: {"Date"=>"Fri, 01 May 2026 15:09:29 GMT", "Server"=>"uvicorn", "Content-Length"=>"51", "Content-Type"=>"application/json"}, see debug logs for body
I, [2026-05-01T16:09:29.402556 #25396]  INFO -- : Running example 'Verifying a pact between consumer-node and provider-python Given user with id 999 does not exist a request for a non-existent user with GET /users/999 returns a response which has status code 404'
I, [2026-05-01T16:09:29.403060 #25396]  INFO -- : Sending GET request to path: "/users/999" with headers: {"X_PACT_PROVIDER_STATES"=>[{"name"=>"user with id 999 does not exist"}]}, see debug logs for body
I, [2026-05-01T16:09:29.432455 #25396]  INFO -- : Received response with status: 404, headers: {"Date"=>"Fri, 01 May 2026 15:09:29 GMT", "Server"=>"uvicorn", "Content-Length"=>"27", "Content-Type"=>"application/json"}, see debug logs for body
I, [2026-05-01T16:09:29.435133 #25396]  INFO -- : Running example 'Verifying a pact between consumer-node and provider-python Given users exist a request for all users with GET /users returns a response which has status code 200'
I, [2026-05-01T16:09:29.435650 #25396]  INFO -- : Sending GET request to path: "/users" with headers: {"X_PACT_PROVIDER_STATES"=>[{"name"=>"users exist"}]}, see debug logs for body
I, [2026-05-01T16:09:29.539962 #25396]  INFO -- : Received response with status: 500, headers: {"Date"=>"Fri, 01 May 2026 15:09:29 GMT", "Server"=>"uvicorn", "Content-Length"=>"21", "Content-Type"=>"text/plain; charset=utf-8"}, see debug logs for body
I, [2026-05-01T16:11:52.005773 #32860]  INFO -- : Running example 'Verifying a pact between consumer-node and provider-python Given user with id 1 exists a request for user with id 1 with GET /users/1 returns a response which has status code 200'
I, [2026-05-01T16:11:52.006660 #32860]  INFO -- : Sending GET request to path: "/users/1" with headers: {"X_PACT_PROVIDER_STATES"=>[{"name"=>"user with id 1 exists"}]}, see debug logs for body
I, [2026-05-01T16:11:52.092711 #32860]  INFO -- : Received response with status: 200, headers: {"Date"=>"Fri, 01 May 2026 15:11:51 GMT", "Server"=>"uvicorn", "Content-Length"=>"51", "Content-Type"=>"application/json"}, see debug logs for body
I, [2026-05-01T16:11:52.108338 #32860]  INFO -- : Running example 'Verifying a pact between consumer-node and provider-python Given user with id 999 does not exist a request for a non-existent user with GET /users/999 returns a response which has status code 404'
I, [2026-05-01T16:11:52.108824 #32860]  INFO -- : Sending GET request to path: "/users/999" with headers: {"X_PACT_PROVIDER_STATES"=>[{"name"=>"user with id 999 does not exist"}]}, see debug logs for body
I, [2026-05-01T16:11:52.123478 #32860]  INFO -- : Received response with status: 404, headers: {"Date"=>"Fri, 01 May 2026 15:11:51 GMT", "Server"=>"uvicorn", "Content-Length"=>"27", "Content-Type"=>"application/json"}, see debug logs for body
I, [2026-05-01T16:11:52.126061 #32860]  INFO -- : Running example 'Verifying a pact between consumer-node and provider-python Given users exist a request for all users with GET /users returns a response which has status code 200'
I, [2026-05-01T16:11:52.126545 #32860]  INFO -- : Sending GET request to path: "/users" with headers: {"X_PACT_PROVIDER_STATES"=>[{"name"=>"users exist"}]}, see debug logs for body
I, [2026-05-01T16:11:52.155907 #32860]  INFO -- : Received response with status: 500, headers: {"Date"=>"Fri, 01 May 2026 15:11:51 GMT", "Server"=>"uvicorn", "Content-Length"=>"21", "Content-Type"=>"text/plain; charset=utf-8"}, see debug logs for body
I, [2026-05-01T16:13:46.798889 #21824]  INFO -- : Running example 'Verifying a pact between consumer-node and provider-python Given user with id 1 exists a request for user with id 1 with GET /users/1 returns a response which has status code 200'
I, [2026-05-01T16:13:46.824905 #21824]  INFO -- : Sending GET request to path: "/users/1" with headers: {"X_PACT_PROVIDER_STATES"=>[{"name"=>"user with id 1 exists"}]}, see debug logs for body
I, [2026-05-01T16:13:47.078104 #21824]  INFO -- : Received response with status: 200, headers: {"Date"=>"Fri, 01 May 2026 15:13:45 GMT", "Server"=>"uvicorn", "Content-Length"=>"51", "Content-Type"=>"application/json"}, see debug logs for body
I, [2026-05-01T16:13:47.105029 #21824]  INFO -- : Running example 'Verifying a pact between consumer-node and provider-python Given user with id 999 does not exist a request for a non-existent user with GET /users/999 returns a response which has status code 404'
I, [2026-05-01T16:13:47.106020 #21824]  INFO -- : Sending GET request to path: "/users/999" with headers: {"X_PACT_PROVIDER_STATES"=>[{"name"=>"user with id 999 does not exist"}]}, see debug logs for body
I, [2026-05-01T16:13:47.122730 #21824]  INFO -- : Received response with status: 404, headers: {"Date"=>"Fri, 01 May 2026 15:13:45 GMT", "Server"=>"uvicorn", "Content-Length"=>"27", "Content-Type"=>"application/json"}, see debug logs for body
I, [2026-05-01T16:13:47.126021 #21824]  INFO -- : Running example 'Verifying a pact between consumer-node and provider-python Given users exist a request for all users with GET /users returns a response which has status code 200'
I, [2026-05-01T16:13:47.126531 #21824]  INFO -- : Sending GET request to path: "/users" with headers: {"X_PACT_PROVIDER_STATES"=>[{"name"=>"users exist"}]}, see debug logs for body
I, [2026-05-01T16:13:47.153325 #21824]  INFO -- : Received response with status: 500, headers: {"Date"=>"Fri, 01 May 2026 15:13:45 GMT", "Server"=>"uvicorn", "Content-Length"=>"21", "Content-Type"=>"text/plain; charset=utf-8"}, see debug logs for body
I, [2026-05-01T16:20:12.527928 #34636]  INFO -- : Running example 'Verifying a pact between consumer-node and provider-python Given user with id 1 exists a request for user with id 1 with GET /users/1 returns a response which has status code 200'
I, [2026-05-01T16:20:12.538492 #34636]  INFO -- : Sending GET request to path: "/users/1" with headers: {"X_PACT_PROVIDER_STATES"=>[{"name"=>"user with id 1 exists"}]}, see debug logs for body
I, [2026-05-01T16:20:12.751759 #34636]  INFO -- : Received response with status: 200, headers: {"Date"=>"Fri, 01 May 2026 15:20:12 GMT", "Server"=>"uvicorn", "Content-Length"=>"51", "Content-Type"=>"application/json"}, see debug logs for body
I, [2026-05-01T16:20:12.819085 #34636]  INFO -- : Running example 'Verifying a pact between consumer-node and provider-python Given user with id 999 does not exist a request for a non-existent user with GET /users/999 returns a response which has status code 404'
I, [2026-05-01T16:20:12.829488 #34636]  INFO -- : Sending GET request to path: "/users/999" with headers: {"X_PACT_PROVIDER_STATES"=>[{"name"=>"user with id 999 does not exist"}]}, see debug logs for body
I, [2026-05-01T16:20:12.884294 #34636]  INFO -- : Received response with status: 404, headers: {"Date"=>"Fri, 01 May 2026 15:20:12 GMT", "Server"=>"uvicorn", "Content-Length"=>"27", "Content-Type"=>"application/json"}, see debug logs for body
I, [2026-05-01T16:20:12.909417 #34636]  INFO -- : Running example 'Verifying a pact between consumer-node and provider-python Given users exist a request for all users with GET /users returns a response which has status code 200'
I, [2026-05-01T16:20:12.919941 #34636]  INFO -- : Sending GET request to path: "/users" with headers: {"X_PACT_PROVIDER_STATES"=>[{"name"=>"users exist"}]}, see debug logs for body
I, [2026-05-01T16:20:12.960854 #34636]  INFO -- : Received response with status: 200, headers: {"Date"=>"Fri, 01 May 2026 15:20:12 GMT", "Server"=>"uvicorn", "Content-Length"=>"101", "Content-Type"=>"application/json"}, see debug logs for body
